../Core/Src/main.c:91:6:microDelay	16	static
../Core/Src/main.c:97:6:stepCCV	24	static
../Core/Src/main.c:144:6:stepCV	24	static
../Core/Src/main.c:196:5:main	32	static
../Core/Src/main.c:363:6:SystemClock_Config	96	static
../Core/Src/main.c:414:13:MX_TIM2_Init	40	static
../Core/Src/main.c:459:13:MX_USART2_UART_Init	8	static
../Core/Src/main.c:494:13:MX_GPIO_Init	56	static
../Core/Src/main.c:572:1:__io_putchar	16	static
../Core/Src/main.c:581:6:HAL_GPIO_EXTI_Callback	16	static
../Core/Src/main.c:694:6:Error_Handler	4	static,ignoring_inline_asm
